test/lit_tests/raising/raise_struct_scratch.mlir:54:7: error: masked affine.store is dependent on less dimensions than masked stored value:
"affine.store"(%7, %1) <{map = affine_map<() -> (0)>}> : (f64, memref<256xf64>) -> ()
: () -> (0)
%arg2, : (d0) -> (d0)
      "llvm.intr.memcpy"(%dst, %src, %c16_i64) <{isVolatile = false}> : (!llvm.ptr, !llvm.ptr, i64) -> ()
      ^
test/lit_tests/raising/raise_struct_scratch.mlir:54:7: note: see current operation: "affine.store"(%7, %1) <{map = affine_map<() -> (0)>}> : (f64, memref<256xf64>) -> ()
failed to raise func: func.func @mixedpair(%arg0: memref<256xf64, 1>, %arg1: memref<256xf64, 1>) {
  %c16_i64 = arith.constant 16 : i64
  %alloca = memref.alloca() : memref<256xf64>
  %alloca_0 = memref.alloca() : memref<256xi32>
  affine.parallel (%arg2) = (0) to (256) {
    %0 = affine.load %arg1[%arg2] : memref<256xf64, 1>
    affine.store %0, %alloca[%arg2] : memref<256xf64>
    %1 = arith.index_castui %arg2 : index to i32
    affine.store %1, %alloca_0[%arg2] : memref<256xi32>
    "enzymexla.barrier"(%arg2) : (index) -> ()
    affine.if affine_set<(d0) : (d0 == 0)>(%arg2) {
      %c1 = arith.constant 1 : index
      %3 = affine.load %alloca[1] : memref<256xf64>
      affine.store %3, %alloca[0] : memref<256xf64>
      %4 = affine.load %alloca_0[1] : memref<256xi32>
      affine.store %4, %alloca_0[0] : memref<256xi32>
    }
    "enzymexla.barrier"(%arg2) : (index) -> ()
    %2 = affine.load %alloca[%arg2] : memref<256xf64>
    affine.store %2, %arg0[%arg2] : memref<256xf64, 1>
  }
  return
}
